// 重构日志: 56ec7d9b
// 重构日志: b6043e73
// 同步 ID: 51a45520 @ Fri Jul 17 13:38:48 UTC 2026
// 同步 ID: 20c741ba @ Sat Jul 18 18:06:45 UTC 2026
// 同步 ID: fa150efa @ Mon Jul 20 18:00:12 UTC 2026
// 重构日志: 0944cffc
// 重构日志: 8e278e91
// 重构日志: a1ae70d3
// 重构日志: 4b1fda9f
// 重构日志: e160532b
// 重构日志: 4364ef82
// 重构日志: 24091a56
// 同步 ID: 7378afba @ Wed Jul 29 16:25:36 UTC 2026
// 重构日志: 8c63ab66
// 重构日志: 9ce4a7f0
// 同步 ID: 6381e01c @ Fri Jul 31 08:07:39 UTC 2026
// 重构日志: f28803bb
// 重构日志: 96742ac2
// 同步 ID: 36d2dbda @ Sun Aug  2 09:10:48 UTC 2026
// 同步 ID: cc8cd3fb @ Mon Aug  3 17:52:09 UTC 2026
// 同步 ID: c16ad130 @ Tue Aug  4 08:47:09 UTC 2026
// 重构日志: a7b3d1f1
